================================================================
  📅 日期: 2025-05-30  |  QQQ 收盘: $493.50  (≈ HKD 3849.30)
  ------------------------------------------------------------
  🔔 触发操作！
     → 【定投】投入 HKD 3,000 | 价格 $493.50 | 买入 0.7794 股 | 本月周期重置
  ------------------------------------------------------------
  📊 策略状态:
     last_peak:    $493.50
     in_uptrend:   True
     上次定投:     2025-05-30
  ------------------------------------------------------------
  💰 总投入:     HKD 3,000.00
  📈 持仓市值:   HKD 3,000.00
  💵 累计收益:   HKD 0.00  (+0.00%)
================================================================

================================================================
  📅 日期: 2025-06-02  |  QQQ 收盘: $495.00  (≈ HKD 3861.00)
  ------------------------------------------------------------
  ✅ 今日无操作
  ------------------------------------------------------------
  📊 策略状态:
     last_peak:    $495.00
     in_uptrend:   True
     上次定投:     2025-05-30
  ------------------------------------------------------------
  💰 总投入:     HKD 3,000.00
  📈 持仓市值:   HKD 3,009.12
  💵 累计收益:   HKD 9.12  (+0.30%)
================================================================

================================================================
  📅 日期: 2025-06-03  |  QQQ 收盘: $468.00  (≈ HKD 3650.40)
  ------------------------------------------------------------
  🔔 触发操作！
     → 【S4补仓】投入 HKD 3,000 | 价格 $468.00 | 买入 0.8218 股 | 距高点回撤 5.5%
  ------------------------------------------------------------
  📊 策略状态:
     last_peak:    $468.00
     in_uptrend:   False
     上次定投:     2025-05-30
     上次补仓:     2025-06-03
  ------------------------------------------------------------
  💰 总投入:     HKD 6,000.00
  📈 持仓市值:   HKD 5,844.98
  💵 累计收益:   HKD -155.02  (-2.58%)
================================================================

================================================================
  📅 日期: 2025-06-04  |  QQQ 收盘: $440.00  (≈ HKD 3432.00)
  ------------------------------------------------------------
  ✅ 今日无操作
  ------------------------------------------------------------
  📊 策略状态:
     last_peak:    $468.00
     in_uptrend:   False
     上次定投:     2025-05-30
     上次补仓:     2025-06-03
  ------------------------------------------------------------
  💰 总投入:     HKD 6,000.00
  📈 持仓市值:   HKD 5,495.28
  💵 累计收益:   HKD -504.72  (-8.41%)
================================================================

================================================================
  📅 日期: 2025-06-05  |  QQQ 收盘: $470.00  (≈ HKD 3666.00)
  ------------------------------------------------------------
  ✅ 今日无操作
  ------------------------------------------------------------
  📊 策略状态:
     last_peak:    $468.00
     in_uptrend:   False
     上次定投:     2025-05-30
     上次补仓:     2025-06-03
  ------------------------------------------------------------
  💰 总投入:     HKD 6,000.00
  📈 持仓市值:   HKD 5,869.96
  💵 累计收益:   HKD -130.04  (-2.17%)
================================================================

================================================================
  📅 日期: 2025-06-30  |  QQQ 收盘: $480.00  (≈ HKD 3744.00)
  ------------------------------------------------------------
  🔔 触发操作！
     → 【定投】投入 HKD 3,000 | 价格 $480.00 | 买入 0.8013 股 | 本月周期重置
  ------------------------------------------------------------
  📊 策略状态:
     last_peak:    $480.00
     in_uptrend:   True
     上次定投:     2025-06-30
     上次补仓:     2025-06-03
  ------------------------------------------------------------
  💰 总投入:     HKD 9,000.00
  📈 持仓市值:   HKD 8,994.86
  💵 累计收益:   HKD -5.14  (-0.06%)
================================================================

================================================================
  📅 日期: 2025-07-01  |  QQQ 收盘: $490.00  (≈ HKD 3822.00)
  ------------------------------------------------------------
  ✅ 今日无操作
  ------------------------------------------------------------
  📊 策略状态:
     last_peak:    $490.00
     in_uptrend:   True
     上次定投:     2025-06-30
     上次补仓:     2025-06-03
  ------------------------------------------------------------
  💰 总投入:     HKD 9,000.00
  📈 持仓市值:   HKD 9,182.25
  💵 累计收益:   HKD 182.25  (+2.02%)
================================================================

================================================================
  📅 日期: 2025-07-02  |  QQQ 收盘: $460.00  (≈ HKD 3588.00)
  ------------------------------------------------------------
  ✅ 今日无操作
  ------------------------------------------------------------
  📊 策略状态:
     last_peak:    $490.00
     in_uptrend:   True
     上次定投:     2025-06-30
     上次补仓:     2025-06-03
  ------------------------------------------------------------
  💰 总投入:     HKD 9,000.00
  📈 持仓市值:   HKD 8,620.07
  💵 累计收益:   HKD -379.93  (-4.22%)
================================================================

================================================================
  📅 日期: 2025-07-04  |  QQQ 收盘: $500.00  (≈ HKD 3900.00)
  ------------------------------------------------------------
  ✅ 今日无操作
  ------------------------------------------------------------
  📊 策略状态:
     last_peak:    $500.00
     in_uptrend:   True
     上次定投:     2025-06-30
     上次补仓:     2025-06-03
  ------------------------------------------------------------
  💰 总投入:     HKD 9,000.00
  📈 持仓市值:   HKD 9,369.64
  💵 累计收益:   HKD 369.64  (+4.11%)
================================================================

================================================================
  📅 日期: 2025-07-05  |  QQQ 收盘: $470.00  (≈ HKD 3666.00)
  ------------------------------------------------------------
  🔔 触发操作！
     → 【S4补仓】投入 HKD 3,000 | 价格 $470.00 | 买入 0.8183 股 | 距高点回撤 6.0%
  ------------------------------------------------------------
  📊 策略状态:
     last_peak:    $470.00
     in_uptrend:   False
     上次定投:     2025-06-30
     上次补仓:     2025-07-05
  ------------------------------------------------------------
  💰 总投入:     HKD 12,000.00
  📈 持仓市值:   HKD 11,807.46
  💵 累计收益:   HKD -192.54  (-1.60%)
================================================================

================================================================
  📅 日期: 2025-05-30  |  QQQ 收盘: $493.50  (≈ HKD 3849.30)
  ------------------------------------------------------------
  🔔 触发操作！
     → 【定投】投入 HKD 3,000 | 价格 $493.50 | 买入 0.7794 股 | 本月周期重置
  ------------------------------------------------------------
  📊 策略状态:
     last_peak:    $493.50
     in_uptrend:   True
     上次定投:     2025-05-30
  ------------------------------------------------------------
  💰 总投入:     HKD 3,000.00
  📈 持仓市值:   HKD 3,000.00
  💵 累计收益:   HKD 0.00  (+0.00%)
================================================================

================================================================
  📅 日期: 2025-05-30  |  QQQ 收盘: $493.50  (≈ HKD 3849.30)
  ------------------------------------------------------------
  ✅ 今日无操作
  ------------------------------------------------------------
  📊 策略状态:
     last_peak:    $493.50
     in_uptrend:   True
     上次定投:     2025-05-30
  ------------------------------------------------------------
  💰 总投入:     HKD 3,000.00
  📈 持仓市值:   HKD 3,000.00
  💵 累计收益:   HKD 0.00  (+0.00%)
================================================================

================================================================
  📅 日期: 2025-05-30  |  QQQ 收盘: $493.50  (≈ HKD 3849.30)
  ------------------------------------------------------------
  🔔 触发操作！
     → 【定投】投入 HKD 3,000 | 价格 $493.50 | 买入 0.7794 股 | 本月周期重置
  ------------------------------------------------------------
  📊 策略状态:
     last_peak:    $493.50
     in_uptrend:   True
     上次定投:     2025-05-30
  ------------------------------------------------------------
  💰 总投入:     HKD 3,000.00
  📈 持仓市值:   HKD 3,000.00
  💵 累计收益:   HKD 0.00  (+0.00%)
================================================================

================================================================
  📅 日期: 2025-06-02  |  QQQ 收盘: $510.00  (≈ HKD 3978.00)
  ------------------------------------------------------------
  ✅ 今日无操作
  ------------------------------------------------------------
  📊 策略状态:
     last_peak:    $510.00
     in_uptrend:   True
     上次定投:     2025-05-30
  ------------------------------------------------------------
  💰 总投入:     HKD 3,000.00
  📈 持仓市值:   HKD 3,100.30
  💵 累计收益:   HKD 100.30  (+3.34%)
================================================================

================================================================
  📅 日期: 2025-06-03  |  QQQ 收盘: $480.00  (≈ HKD 3744.00)
  ------------------------------------------------------------
  🔔 触发操作！
     → 【S4补仓】投入 HKD 3,000 | 价格 $480.00 | 买入 0.8013 股 | 距高点回撤 5.9%
  ------------------------------------------------------------
  📊 策略状态:
     last_peak:    $480.00
     in_uptrend:   False
     上次定投:     2025-05-30
     上次补仓:     2025-06-03
  ------------------------------------------------------------
  💰 总投入:     HKD 6,000.00
  📈 持仓市值:   HKD 5,917.93
  💵 累计收益:   HKD -82.07  (-1.37%)
================================================================

================================================================
  📅 日期: 2025-06-04  |  QQQ 收盘: $470.00  (≈ HKD 3666.00)
  ------------------------------------------------------------
  ✅ 今日无操作
  ------------------------------------------------------------
  📊 策略状态:
     last_peak:    $480.00
     in_uptrend:   False
     上次定投:     2025-05-30
     上次补仓:     2025-06-03
  ------------------------------------------------------------
  💰 总投入:     HKD 6,000.00
  📈 持仓市值:   HKD 5,794.64
  💵 累计收益:   HKD -205.36  (-3.42%)
================================================================

================================================================
  📅 日期: 2025-06-30  |  QQQ 收盘: $500.00  (≈ HKD 3900.00)
  ------------------------------------------------------------
  🔔 触发操作！
     → 【定投】投入 HKD 3,000 | 价格 $500.00 | 买入 0.7692 股 | 本月周期重置
  ------------------------------------------------------------
  📊 策略状态:
     last_peak:    $500.00
     in_uptrend:   True
     上次定投:     2025-06-30
     上次补仓:     2025-06-03
  ------------------------------------------------------------
  💰 总投入:     HKD 9,000.00
  📈 持仓市值:   HKD 9,164.51
  💵 累计收益:   HKD 164.51  (+1.83%)
================================================================

================================================================
  📅 日期: 2025-07-05  |  QQQ 收盘: $475.00  (≈ HKD 3705.00)
  ------------------------------------------------------------
  🔔 触发操作！
     → 【S4补仓】投入 HKD 3,000 | 价格 $475.00 | 买入 0.8097 股 | 距高点回撤 5.0%
  ------------------------------------------------------------
  📊 策略状态:
     last_peak:    $475.00
     in_uptrend:   False
     上次定投:     2025-06-30
     上次补仓:     2025-07-05
  ------------------------------------------------------------
  💰 总投入:     HKD 12,000.00
  📈 持仓市值:   HKD 11,706.29
  💵 累计收益:   HKD -293.71  (-2.45%)
================================================================

================================================================
  📅 日期: 2026-06-02  |  QQQ 收盘: $746.16  (≈ HKD 5820.05)
  ------------------------------------------------------------
  ✅ 今日无操作
  ------------------------------------------------------------
  📊 策略状态:
     last_peak:    $475.00
     in_uptrend:   False
     上次定投:     2025-06-30
     上次补仓:     2025-07-05
  ------------------------------------------------------------
  💰 总投入:     HKD 12,000.00
  📈 持仓市值:   HKD 18,388.98
  💵 累计收益:   HKD 6,388.98  (+53.24%)
================================================================

================================================================
  📅 日期: 2026-06-02  |  QQQ 收盘: $746.16  (≈ HKD 5820.05)
  ------------------------------------------------------------
  ✅ 今日无操作
  ------------------------------------------------------------
  📊 策略状态:
     last_peak:    $475.00
     in_uptrend:   False
     上次定投:     2025-06-30
     上次补仓:     2025-07-05
  ------------------------------------------------------------
  💰 总投入:     HKD 12,000.00
  📈 持仓市值:   HKD 18,388.98
  💵 累计收益:   HKD 6,388.98  (+53.24%)
================================================================

================================================================
  📅 日期: 2026-06-03  |  QQQ 收盘: $744.21  (≈ HKD 5804.84)
  ------------------------------------------------------------
  ✅ 今日无操作
  ------------------------------------------------------------
  📊 策略状态:
     last_peak:    $475.00
     in_uptrend:   False
     上次定投:     2025-06-30
     上次补仓:     2025-07-05
  ------------------------------------------------------------
  💰 总投入:     HKD 12,000.00
  📈 持仓市值:   HKD 18,340.92
  💵 累计收益:   HKD 6,340.92  (+52.84%)
================================================================

================================================================
  📅 日期: 2026-06-03  |  QQQ 收盘: $744.21  (≈ HKD 5804.84)
  ------------------------------------------------------------
  ✅ 今日无操作
  ------------------------------------------------------------
  📊 策略状态:
     last_peak:    $475.00
     in_uptrend:   False
     上次定投:     2025-06-30
     上次补仓:     2025-07-05
  ------------------------------------------------------------
  💰 总投入:     HKD 12,000.00
  📈 持仓市值:   HKD 18,340.92
  💵 累计收益:   HKD 6,340.92  (+52.84%)
================================================================

================================================================
  📅 日期: 2026-06-03  |  QQQ 收盘: $306.61  (≈ HKD 2391.56)
  ------------------------------------------------------------
  ✅ 今日无操作
  ------------------------------------------------------------
  📊 策略状态:
     last_peak:    $308.21
     in_uptrend:   True
  ------------------------------------------------------------
  💰 总投入:     HKD 8,817.33
  📈 持仓市值:   HKD 10,140.21
  💵 累计收益:   HKD 1,322.88  (+15.00%)
================================================================

================================================================
  📅 日期: 2026-06-03  |  QQQ 收盘: $306.61  (≈ HKD 2391.56)
  ------------------------------------------------------------
  ✅ 今日无操作
  ------------------------------------------------------------
  📊 策略状态:
     last_peak:    $308.21
     in_uptrend:   True
  ------------------------------------------------------------
  💰 总投入:     HKD 8,817.33
  📈 持仓市值:   HKD 10,140.21
  💵 累计收益:   HKD 1,322.88  (+15.00%)
================================================================

================================================================
  📅 日期: 2026-06-03  |  QQQ 收盘: $306.61  (≈ HKD 2391.56)
  ------------------------------------------------------------
  ✅ 今日无操作
  ------------------------------------------------------------
  📊 策略状态:
     last_peak:    $308.21
     in_uptrend:   True
  ------------------------------------------------------------
  💰 总投入:     HKD 8,817.33
  📈 持仓市值:   HKD 10,140.21
  💵 累计收益:   HKD 1,322.88  (+15.00%)
================================================================

================================================================
  📅 日期: 2026-06-03  |  QQQ 收盘: $306.61  (≈ HKD 2391.56)
  ------------------------------------------------------------
  ✅ 今日无操作
  ------------------------------------------------------------
  📊 策略状态:
     last_peak:    $308.21
     in_uptrend:   True
  ------------------------------------------------------------
  💰 总投入:     HKD 8,817.33
  📈 持仓市值:   HKD 10,140.21
  💵 累计收益:   HKD 1,322.88  (+15.00%)
================================================================

================================================================
  📅 日期: 2026-06-03  |  QQQ 收盘: $306.61  (≈ HKD 2391.56)
  ------------------------------------------------------------
  🔔 触发操作！
     → 【定投】投入 HKD 3,000 | 价格 $306.61 | 买入 1.2544 股 | 本月周期重置
  ------------------------------------------------------------
  📊 策略状态:
     last_peak:    $308.21
     in_uptrend:   True
     上次定投:     2026-06-03
  ------------------------------------------------------------
  💰 总投入:     HKD 11,817.33
  📈 持仓市值:   HKD 13,140.21
  💵 累计收益:   HKD 1,322.88  (+11.19%)
================================================================

================================================================
  📅 日期: 2026-06-03  |  QQQ 收盘: $306.61  (≈ HKD 2391.56)
  ------------------------------------------------------------
  🔔 触发操作！
     → 【定投】投入 HKD 3,000 | 价格 $306.61 | 买入 1.2544 股 | 本月周期重置
  ------------------------------------------------------------
  📊 策略状态:
     last_peak:    $308.21
     in_uptrend:   True
     上次定投:     2026-06-03
  ------------------------------------------------------------
  💰 总投入:     HKD 11,817.33
  📈 持仓市值:   HKD 13,140.21
  💵 累计收益:   HKD 1,322.88  (+11.19%)
================================================================

================================================================
  📅 日期: 2026-06-03  |  QQQ 收盘: $306.61  (≈ HKD 2391.56)
  ------------------------------------------------------------
  🔔 触发操作！
     → 【定投】投入 HKD 3,000 | 价格 $306.61 | 买入 1.2544 股 | 本月周期重置
  ------------------------------------------------------------
  📊 策略状态:
     last_peak:    $308.21
     in_uptrend:   True
     上次定投:     2026-06-03
  ------------------------------------------------------------
  💰 总投入:     HKD 11,817.33
  📈 持仓市值:   HKD 13,140.21
  💵 累计收益:   HKD 1,322.88  (+11.19%)
================================================================

